// Jest Snapshot v1, https://goo.gl/fbAQLP

exports[`<1/> blog page snapshot blog post 1 1`] = `
<div>
  <div
    class="blogPostPage container"
  >
    <div
      class="svgLinks text-primary mt-2 container"
    >
      <span
        class="ms-2 me-2"
      >
        <a
          href="/"
          title="Homepage"
        >
          <svg
            class="bi bi-house text-decoration-underline mx-auto p-0 w-auto text-primary"
            fill="currentColor"
            height="16"
            style="cursor: pointer;"
            viewBox="0 0 16 16"
            width="16"
            xmlns="http://www.w3.org/2000/svg"
          >
            <path
              d="M2 13.5V7h1v6.5a.5.5 0 0 0 .5.5h9a.5.5 0 0 0 .5-.5V7h1v6.5a1.5 1.5 0 0 1-1.5 1.5h-9A1.5 1.5 0 0 1 2 13.5zm11-11V6l-2-2V2.5a.5.5 0 0 1 .5-.5h1a.5.5 0 0 1 .5.5z"
              fill-rule="evenodd"
            />
            <path
              d="M7.293 1.5a1 1 0 0 1 1.414 0l6.647 6.646a.5.5 0 0 1-.708.708L8 2.207 1.354 8.854a.5.5 0 1 1-.708-.708L7.293 1.5z"
              fill-rule="evenodd"
            />
          </svg>
        </a>
      </span>
      <span
        class="ms-2 me-2 text-dark fw-bolder"
      >
        |
      </span>
      <span
        class="ms-2 me-2"
      >
        <a
          class="text-decoration-underline mx-auto"
          href="https://github.com/ilshaad"
          rel="noopener noreferrer"
          target="_blank"
          title="Github"
        >
          <svg
            class="bi bi-github text-primary"
            fill="currentColor"
            height="16"
            viewBox="0 0 16 16"
            width="16"
            xmlns="http://www.w3.org/2000/svg"
          >
            <path
              d="M8 0C3.58 0 0 3.58 0 8c0 3.54 2.29 6.53 5.47 7.59.4.07.55-.17.55-.38 0-.19-.01-.82-.01-1.49-2.01.37-2.53-.49-2.69-.94-.09-.23-.48-.94-.82-1.13-.28-.15-.68-.52-.01-.53.63-.01 1.08.58 1.23.82.72 1.21 1.87.87 2.33.66.07-.52.28-.87.51-1.07-1.78-.2-3.64-.89-3.64-3.95 0-.87.31-1.59.82-2.15-.08-.2-.36-1.02.08-2.12 0 0 .67-.21 2.2.82.64-.18 1.32-.27 2-.27.68 0 1.36.09 2 .27 1.53-1.04 2.2-.82 2.2-.82.44 1.1.16 1.92.08 2.12.51.56.82 1.27.82 2.15 0 3.07-1.87 3.75-3.65 3.95.29.25.54.73.54 1.48 0 1.07-.01 1.93-.01 2.2 0 .21.15.46.55.38A8.012 8.012 0 0 0 16 8c0-4.42-3.58-8-8-8z"
            />
          </svg>
        </a>
      </span>
      <span
        class="ms-2 me-2"
      >
        <a
          class="text-decoration-underline mx-auto"
          href="https://www.linkedin.com/in/ilshaad/"
          rel="noopener noreferrer"
          target="_blank"
          title="LinkedIn"
        >
          <svg
            class="bi bi-linkedin text-primary"
            fill="currentColor"
            height="16"
            viewBox="0 0 16 16"
            width="16"
            xmlns="http://www.w3.org/2000/svg"
          >
            <path
              d="M0 1.146C0 .513.526 0 1.175 0h13.65C15.474 0 16 .513 16 1.146v13.708c0 .633-.526 1.146-1.175 1.146H1.175C.526 16 0 15.487 0 14.854V1.146zm4.943 12.248V6.169H2.542v7.225h2.401zm-1.2-8.212c.837 0 1.358-.554 1.358-1.248-.015-.709-.52-1.248-1.342-1.248-.822 0-1.359.54-1.359 1.248 0 .694.521 1.248 1.327 1.248h.016zm4.908 8.212V9.359c0-.216.016-.432.08-.586.173-.431.568-.878 1.232-.878.869 0 1.216.662 1.216 1.634v3.865h2.401V9.25c0-2.22-1.184-3.252-2.764-3.252-1.274 0-1.845.7-2.165 1.193v.025h-.016a5.54 5.54 0 0 1 .016-.025V6.169h-2.4c.03.678 0 7.225 0 7.225h2.4z"
            />
          </svg>
        </a>
      </span>
      <span
        class="ms-2 me-2"
      >
        <a
          class="text-decoration-underline mx-auto"
          href="https://ilshaad.com/"
          rel="noopener noreferrer"
          target="_blank"
          title="Portfolio site"
        >
          <svg
            class="bi bi-journal-code text-primary bg-light"
            fill="currentColor"
            height="16"
            viewBox="0 0 16 16"
            width="16"
            xmlns="http://www.w3.org/2000/svg"
          >
            <path
              d="M8.646 5.646a.5.5 0 0 1 .708 0l2 2a.5.5 0 0 1 0 .708l-2 2a.5.5 0 0 1-.708-.708L10.293 8 8.646 6.354a.5.5 0 0 1 0-.708zm-1.292 0a.5.5 0 0 0-.708 0l-2 2a.5.5 0 0 0 0 .708l2 2a.5.5 0 0 0 .708-.708L5.707 8l1.647-1.646a.5.5 0 0 0 0-.708z"
              fill-rule="evenodd"
            />
            <path
              d="M3 0h10a2 2 0 0 1 2 2v12a2 2 0 0 1-2 2H3a2 2 0 0 1-2-2v-1h1v1a1 1 0 0 0 1 1h10a1 1 0 0 0 1-1V2a1 1 0 0 0-1-1H3a1 1 0 0 0-1 1v1H1V2a2 2 0 0 1 2-2z"
            />
            <path
              d="M1 5v-.5a.5.5 0 0 1 1 0V5h.5a.5.5 0 0 1 0 1h-2a.5.5 0 0 1 0-1H1zm0 3v-.5a.5.5 0 0 1 1 0V8h.5a.5.5 0 0 1 0 1h-2a.5.5 0 0 1 0-1H1zm0 3v-.5a.5.5 0 0 1 1 0v.5h.5a.5.5 0 0 1 0 1h-2a.5.5 0 0 1 0-1H1z"
            />
          </svg>
        </a>
      </span>
      <span
        class="ms-2 me-2"
      >
        <a
          class="text-decoration-underline mx-auto"
          href="mailto:rechadsalma123@gmail.com?subject=From%20ilshaad%20blog%20site%202022%3A"
          title="Email me"
        >
          <svg
            class="bi bi-envelope-fill text-primary"
            fill="currentColor"
            height="16"
            viewBox="0 0 16 16"
            width="16"
            xmlns="http://www.w3.org/2000/svg"
          >
            <path
              d="M.05 3.555A2 2 0 0 1 2 2h12a2 2 0 0 1 1.95 1.555L8 8.414.05 3.555ZM0 4.697v7.104l5.803-3.558L0 4.697ZM6.761 8.83l-6.57 4.027A2 2 0 0 0 2 14h12a2 2 0 0 0 1.808-1.144l-6.57-4.027L8 9.586l-1.239-.757Zm3.436-.586L16 11.801V4.697l-5.803 3.546Z"
            />
          </svg>
        </a>
      </span>
    </div>
    <nav
      aria-label="breadcrumb"
      class="d-none d-sm-block mt-2 mb-n2 ms-2 me-2 ms-xl-5 me-xl-5"
    >
      <ol
        class="breadcrumb"
      >
        <li
          class="breadcrumb-item homeBreadcrumb"
        >
          <div>
            <a
              href="/"
            >
              Home
            </a>
          </div>
        </li>
        <li
          aria-current="page"
          class="breadcrumb-item active"
        >
          blog
        </li>
      </ol>
    </nav>
    <div
      class="mt-3 ms-2 me-2 ms-xl-5 me-xl-5 row"
    >
      <img
        alt="blog 1 image"
        class="blogImg"
        data-nimg="1"
        decoding="async"
        height="40"
        loading="lazy"
        src="/_next/image?url=%2Fimg.jpg&w=96&q=75"
        srcset="/_next/image?url=%2Fimg.jpg&w=48&q=75 1x, /_next/image?url=%2Fimg.jpg&w=96&q=75 2x"
        style="color: transparent;"
        width="40"
      />
    </div>
    <div
      class="mx-auto row"
    >
      <h1
        class="text-primary mt-3 text-center"
      >
        Create timestamp in SQL format
      </h1>
    </div>
    <div
      class="mx-auto row"
    >
      <p
        class="minuteRead text-center"
      >
          4 min read
      </p>
    </div>
    <div
      class="mb-2 mx-auto row"
    >
      <time
        class="blogDate d-block text-center"
        datetime="2022-08-18"
      >
          
        2022 August 18th Thursday
      </time>
    </div>
    <div
      class="mx-auto row"
    >
      <h5
        class="text-center mb-3"
      >
        Prequisite:
      </h5>
      <div
        class="text-center mt-n2 mb-3"
      >
        <span
          class="w-auto mt-1 me-1 badge text-secondary bg-primary"
        >
          Javascript
        </span>
        <span
          class="w-auto mt-1 me-1 badge text-secondary bg-primary"
        >
          Regular Expression
        </span>
        <span
          class="w-auto mt-1 me-1 badge text-secondary bg-primary"
        >
          SQL
        </span>
      </div>
    </div>
    <div
      class="row"
      style="font-size: 0.9rem;"
    >
      <div
        class="col-9 offset-1"
      >
        <ul>
          <li>
            Should have good knowledge of Javascript and SQL
          </li>
          <li>
            Basic Regular Expression know how, but not required if you only want to copy code snippet
          </li>
        </ul>
      </div>
    </div>
    <div
      class="text-primary w-75 mx-auto overflow-hidden mt-1 row"
    >
      <hr />
    </div>
    <div
      class="row"
    >
      <div
        class="col-12"
      >
        <p>
                Sometimes the client side has to produce the date of the user interaction before sending it to the server api. And sometimes they have to format the date and time before sending it to the server api. And sometimes they have to specifically format the date and time in SQL date field before sending it to the server api. That's what we will be looking at.
        </p>
        <h5>
          What is a timestamp?
        </h5>
        <p>
          A timestamp is to store the current date and time for future references
        </p>
        <h5>
          What is SQL format?
        </h5>
        <p>
          SQL stands for Structured Query Language. It lets you access and manipulate databases. But there is one database field we are particularly interested in, the 
          <code
            class="codeText"
          >
            created_on
          </code>
           field. The 
          <code
            class="codeText"
          >
            created_on
          </code>
           field is where dates and time are stored within the database (there are other fields that can store date and times too).
        </p>
        <p>
          In order to store timestamp within 
          <code
            class="codeText"
          >
            created_on
          </code>
          , you will first need to transform it to the required structure. Depending on the SQL server, you might have to format the timestamp yourself before sending to the server if the server is not setup for that. The most common SQL format is 
          <code
            class="codeText"
          >
            yyyy-mm-dd hh:mm:ss
          </code>
          . But that can be a little tricky do.
        </p>
        <h5>
          Solution:
        </h5>
      </div>
      <div
        class="col-12"
      >
        <pre
          class="preCode mx-auto"
        >
          <code
            class="codeTag mx-auto"
            role="code"
          >
            <div>
              <span
                class="keyword"
              >
                function
              </span>
                createTimestampInSqlFormat() {
            </div>
            <div
              class="tab1"
            >
              <span
                class="keyword"
              >
                const
              </span>
               date = 
              <span
                class="keyword"
              >
                new
              </span>
               
              <span
                class="method"
              >
                Date
              </span>
              ();
            </div>
            <div
              class="tab1"
            >
              <span
                class="keyword"
              >
                let
              </span>
               year =  date
              <span
                class="method"
              >
                .getFullYear
              </span>
              ();
            </div>
            <div
              class="tab1"
            >
              <span
                class="keyword"
              >
                let
              </span>
               month =  date
              <span
                class="method"
              >
                .getMonth
              </span>
              () + 
              <span
                class="value"
              >
                1
              </span>
            </div>
            <div
              class="tab1"
            >
              <span
                class="keyword"
              >
                let
              </span>
               day =  date
              <span
                class="method"
              >
                .getDate
              </span>
              ();
            </div>
            <div
              class="tab1"
            >
              <span
                class="keyword"
              >
                let
              </span>
               hour =  date
              <span
                class="method"
              >
                .getHours
              </span>
              ();
            </div>
            <div
              class="tab1"
            >
              <span
                class="keyword"
              >
                let
              </span>
               minute =  date
              <span
                class="method"
              >
                .getMinutes
              </span>
              ();
            </div>
            <div
              class="tab1"
            >
              <span
                class="keyword"
              >
                let
              </span>
               second =  date
              <span
                class="method"
              >
                .getSeconds
              </span>
              ();
            </div>
            <br />
            <div
              class="tab1"
            >
              <span
                class="keyword"
              >
                const
              </span>
               timestampArray = [year, month, day, hour, minute, seconds];
            </div>
            <br />
            <div
              class="tab1"
            >
              <span
                class="keyword"
              >
                let
              </span>
               timestampString = ""
            </div>
            <br />
            <div
              class="tab1"
            >
              <span
                class="keyword"
              >
                for
              </span>
               (
              <span
                class="keyword"
              >
                let
              </span>
               dateNumber 
              <span
                class="keyword"
              >
                of
              </span>
                timestampArray) {
            </div>
            <div
              class="comment tab2"
            >
              // if number is less than 10 than add a 0 in front of it
            </div>
            <div
              class="tab2"
            >
              <span
                class="keyword"
              >
                if
              </span>
               (dateNumber &gt;= 
              <span
                class="value"
              >
                10
              </span>
              ) {
            </div>
            <div
              class="tab3"
            >
              timestampString += dateNumber;
            </div>
            <div
              class="tab2"
            >
              } 
              <span
                class="keyword"
              >
                else
              </span>
               {
            </div>
            <div
              class="tab3"
            >
              timestamString += \`
              <span
                class="value"
              >
                0
              </span>
              \${dateNumber}\`;
            </div>
            <div
              class="tab2"
            >
              }
            </div>
            <div
              class="tab1"
            >
              }
            </div>
            <br />
            <div
              class="tab1"
            >
              <span
                class="keyword"
              >
                const/
              </span>
               timestampRegEx = /(\\d{4})(\\d{2})(\\d{2})(\\d{2})(\\d{2})(\\d{2})/g;
            </div>
            <br />
            <div
              class="comment tab1"
            >
              // create the sql timestamp format.You could change the format here if need be 
            </div>
            <div
              class="tab1"
            >
              <span
                class="keyword"
              >
                const/
              </span>
               timestamp = timestampString
              <span
                class="method"
              >
                .replace
              </span>
              (
            </div>
            <div
              class="tab2"
            >
              timestampRegEx,
            </div>
            <div
              class="tab2"
            >
              <span
                class="value"
              >
                "$1-$2-$3 $4:$5:$6"
              </span>
            </div>
            <div
              class="tab1"
            >
              );
            </div>
            <br />
            <div
              class="tab1"
            >
              <span
                class="keyword"
              >
                return
              </span>
               timestamp;
            </div>
            <div>
              }
            </div>
          </code>
        </pre>
      </div>
      <div
        class="col-12"
      >
        <p>
          Basically we collect the date as usual but setting it up in SQL format will require some help from regular expression.
        </p>
        <p>
          So whenever you need to create a timestamp in SQL format, you can use this tried and test function before sending it off to the server api.
        </p>
      </div>
    </div>
  </div>
</div>
`;
