// Jest Snapshot v1, https://goo.gl/fbAQLP

exports[`<4/> blog page snapshot blog post 4 1`] = `
<div>
  <div
    class="blogPostPage container"
  >
    <div
      class="svgLinks text-primary mt-2 container"
    >
      <span
        class="ms-2 me-2"
      >
        <svg
          class="bi bi-house text-decoration-underline mx-auto p-0 w-auto"
          fill="currentColor"
          height="16"
          style="cursor: pointer;"
          viewBox="0 0 16 16"
          width="16"
          xmlns="http://www.w3.org/2000/svg"
        >
          <path
            d="M2 13.5V7h1v6.5a.5.5 0 0 0 .5.5h9a.5.5 0 0 0 .5-.5V7h1v6.5a1.5 1.5 0 0 1-1.5 1.5h-9A1.5 1.5 0 0 1 2 13.5zm11-11V6l-2-2V2.5a.5.5 0 0 1 .5-.5h1a.5.5 0 0 1 .5.5z"
            fill-rule="evenodd"
          />
          <path
            d="M7.293 1.5a1 1 0 0 1 1.414 0l6.647 6.646a.5.5 0 0 1-.708.708L8 2.207 1.354 8.854a.5.5 0 1 1-.708-.708L7.293 1.5z"
            fill-rule="evenodd"
          />
        </svg>
      </span>
      <span
        class="ms-2 me-2 text-dark fw-bolder"
      >
        |
      </span>
      <span
        class="ms-2 me-2"
      >
        <a
          class="text-decoration-underline mx-auto"
          href="https://github.com/ilshaad/my-blog-site-ik"
          rel="noopener noreferrer"
          target="_blank"
          title="Github"
        >
          <svg
            class="bi bi-github"
            fill="currentColor"
            height="16"
            viewBox="0 0 16 16"
            width="16"
            xmlns="http://www.w3.org/2000/svg"
          >
            <path
              d="M8 0C3.58 0 0 3.58 0 8c0 3.54 2.29 6.53 5.47 7.59.4.07.55-.17.55-.38 0-.19-.01-.82-.01-1.49-2.01.37-2.53-.49-2.69-.94-.09-.23-.48-.94-.82-1.13-.28-.15-.68-.52-.01-.53.63-.01 1.08.58 1.23.82.72 1.21 1.87.87 2.33.66.07-.52.28-.87.51-1.07-1.78-.2-3.64-.89-3.64-3.95 0-.87.31-1.59.82-2.15-.08-.2-.36-1.02.08-2.12 0 0 .67-.21 2.2.82.64-.18 1.32-.27 2-.27.68 0 1.36.09 2 .27 1.53-1.04 2.2-.82 2.2-.82.44 1.1.16 1.92.08 2.12.51.56.82 1.27.82 2.15 0 3.07-1.87 3.75-3.65 3.95.29.25.54.73.54 1.48 0 1.07-.01 1.93-.01 2.2 0 .21.15.46.55.38A8.012 8.012 0 0 0 16 8c0-4.42-3.58-8-8-8z"
            />
          </svg>
        </a>
      </span>
      <span
        class="ms-2 me-2"
      >
        <a
          class="text-decoration-underline mx-auto"
          href="https://www.linkedin.com/in/ilshaad/"
          rel="noopener noreferrer"
          target="_blank"
          title="LinkedIn"
        >
          <svg
            class="bi bi-linkedin"
            fill="currentColor"
            height="16"
            viewBox="0 0 16 16"
            width="16"
            xmlns="http://www.w3.org/2000/svg"
          >
            <path
              d="M0 1.146C0 .513.526 0 1.175 0h13.65C15.474 0 16 .513 16 1.146v13.708c0 .633-.526 1.146-1.175 1.146H1.175C.526 16 0 15.487 0 14.854V1.146zm4.943 12.248V6.169H2.542v7.225h2.401zm-1.2-8.212c.837 0 1.358-.554 1.358-1.248-.015-.709-.52-1.248-1.342-1.248-.822 0-1.359.54-1.359 1.248 0 .694.521 1.248 1.327 1.248h.016zm4.908 8.212V9.359c0-.216.016-.432.08-.586.173-.431.568-.878 1.232-.878.869 0 1.216.662 1.216 1.634v3.865h2.401V9.25c0-2.22-1.184-3.252-2.764-3.252-1.274 0-1.845.7-2.165 1.193v.025h-.016a5.54 5.54 0 0 1 .016-.025V6.169h-2.4c.03.678 0 7.225 0 7.225h2.4z"
            />
          </svg>
        </a>
      </span>
      <span
        class="ms-2 me-2"
      >
        <a
          class="text-decoration-underline mx-auto"
          href="https://ilshaad.com/"
          rel="noopener noreferrer"
          target="_blank"
          title="Portfolio site"
        >
          <svg
            class="bi bi-journal-code text-primary bg-light"
            fill="currentColor"
            height="16"
            viewBox="0 0 16 16"
            width="16"
            xmlns="http://www.w3.org/2000/svg"
          >
            <path
              d="M8.646 5.646a.5.5 0 0 1 .708 0l2 2a.5.5 0 0 1 0 .708l-2 2a.5.5 0 0 1-.708-.708L10.293 8 8.646 6.354a.5.5 0 0 1 0-.708zm-1.292 0a.5.5 0 0 0-.708 0l-2 2a.5.5 0 0 0 0 .708l2 2a.5.5 0 0 0 .708-.708L5.707 8l1.647-1.646a.5.5 0 0 0 0-.708z"
              fill-rule="evenodd"
            />
            <path
              d="M3 0h10a2 2 0 0 1 2 2v12a2 2 0 0 1-2 2H3a2 2 0 0 1-2-2v-1h1v1a1 1 0 0 0 1 1h10a1 1 0 0 0 1-1V2a1 1 0 0 0-1-1H3a1 1 0 0 0-1 1v1H1V2a2 2 0 0 1 2-2z"
            />
            <path
              d="M1 5v-.5a.5.5 0 0 1 1 0V5h.5a.5.5 0 0 1 0 1h-2a.5.5 0 0 1 0-1H1zm0 3v-.5a.5.5 0 0 1 1 0V8h.5a.5.5 0 0 1 0 1h-2a.5.5 0 0 1 0-1H1zm0 3v-.5a.5.5 0 0 1 1 0v.5h.5a.5.5 0 0 1 0 1h-2a.5.5 0 0 1 0-1H1z"
            />
          </svg>
        </a>
      </span>
      <span
        class="ms-2 me-2"
      >
        <a
          class="text-decoration-underline mx-auto"
          href="mailto:rechadsalma123@gmail.com?subject=From%20ilshaad%20blog%20site%202022%3A"
          title="Email me"
        >
          <svg
            class="bi bi-envelope-fill"
            fill="currentColor"
            height="16"
            viewBox="0 0 16 16"
            width="16"
            xmlns="http://www.w3.org/2000/svg"
          >
            <path
              d="M.05 3.555A2 2 0 0 1 2 2h12a2 2 0 0 1 1.95 1.555L8 8.414.05 3.555ZM0 4.697v7.104l5.803-3.558L0 4.697ZM6.761 8.83l-6.57 4.027A2 2 0 0 0 2 14h12a2 2 0 0 0 1.808-1.144l-6.57-4.027L8 9.586l-1.239-.757Zm3.436-.586L16 11.801V4.697l-5.803 3.546Z"
            />
          </svg>
        </a>
      </span>
    </div>
    <nav
      aria-label="breadcrumb"
      class="d-none d-sm-block mt-2 mb-n2 ms-2 me-2 ms-xl-5 me-xl-5"
    >
      <ol
        class="breadcrumb"
      >
        <li
          class="breadcrumb-item homeBreadcrumb"
        >
          <a
            href="/"
          >
            Home
          </a>
        </li>
        <li
          aria-current="page"
          class="breadcrumb-item active"
        >
          blog
        </li>
      </ol>
    </nav>
    <div
      class="mt-3 ms-2 me-2 ms-xl-5 me-xl-5 row"
    >
      <span
        style="box-sizing: border-box; display: inline-block; overflow: hidden; background: none; opacity: 1; border: 0px; margin: 0px; padding: 0px; position: relative; max-width: 100%;"
      >
        <span
          style="box-sizing: border-box; display: block; background: none; opacity: 1; border: 0px; margin: 0px; padding: 0px; max-width: 100%;"
        >
          <img
            alt=""
            aria-hidden="true"
            src="data:image/svg+xml,%3csvg%20xmlns=%27http://www.w3.org/2000/svg%27%20version=%271.1%27%20width=%2724%27%20height=%2724%27/%3e"
            style="display: block; max-width: 100%; background: none; opacity: 1; border: 0px; margin: 0px; padding: 0px;"
          />
        </span>
        <img
          alt="blog 4 image"
          data-nimg="intrinsic"
          decoding="async"
          src="data:image/gif;base64,R0lGODlhAQABAIAAAAAAAP///yH5BAEAAAAALAAAAAABAAEAAAIBRAA7"
          style="position: absolute; top: 0px; left: 0px; bottom: 0px; right: 0px; box-sizing: border-box; padding: 0px; margin: auto; display: block; width: 0px; height: 0px; min-width: 100%; max-width: 100%; min-height: 100%; max-height: 100%;"
        />
        <noscript />
      </span>
    </div>
    <div
      class="mx-auto row"
    >
      <h1
        class="text-primary mt-3 text-center"
      >
        Create an Axios instance
      </h1>
    </div>
    <div
      class="mx-auto row"
    >
      <p
        class="minuteRead text-center"
      >
        7 min read
      </p>
    </div>
    <div
      class="mb-2 mx-auto row"
    >
      <time
        class="blogDate d-block text-center"
        datetime="2022-08-02"
      >
        2022 August 2nd Tuesday
      </time>
    </div>
    <div
      class="mx-auto row"
    >
      <h5
        class="text-center mb-3"
      >
        Prequisite:
      </h5>
      <div
        class="mt-n2 mb-3 text-center"
      >
        <span
          class="w-auto mt-1 me-1 badge text-secondary bg-primary"
        >
          Javascript
        </span>
        <span
          class="w-auto mt-1 me-1 badge text-secondary bg-primary"
        >
          Axios
        </span>
        <span
          class="w-auto mt-1 me-1 badge text-secondary bg-primary"
        >
          REST API
        </span>
      </div>
    </div>
    <div
      class="row"
      style="font-size: 0.9rem;"
    >
      <div
        class="col-9 offset-1"
      >
        <ul>
          <li>
            Should have good knowledge of Javascript and REST API
          </li>
          <li>
            At least know the basics of Axios
          </li>
        </ul>
      </div>
    </div>
    <div
      class="text-primary w-75 mx-auto overflow-hidden mt-2 row"
    >
      <hr />
    </div>
    <div
      class="row"
    >
      <div
        class="col-12"
      >
        <p>
                If you are into programming, then you will likely have heard of DRY (don' repeat yourself). Basically, writing the same code repeatedly can be quite tedious. And it becomes more tedious when trying to remember the url to make your Axios fetch a request every time. Would it not be great to just type in the url once, and code any methods you require out of it. Plus, you configure to any specific pathnames and query string. That's where the 
          <span
            class="codeText"
          >
            create()
          </span>
           method comes in.
        </p>
        <p>
          Axios provides a number of methods you can use, but 
          <span
            class="codeText"
          >
            create()
          </span>
           is one of the most useful ones. It creates an instance Promise object of the url API.And you can use that instance Promise however many times you like and whichever methods you need.
        </p>
        <p>
          Usually it is best to create a separate file just for the instance alone, and then we can import the instance to any file.
        </p>
      </div>
      <div
        class="col-12"
      >
        <pre
          class="preCode mx-auto"
        >
          <code
            class="codeTag mx-auto"
            role="code"
          >
            <div
              class="comment"
            >
              // ./apiInstance/jsonPlaceholder.js file
            </div>
            <div>
              <span
                class="keyword"
              >
                import
              </span>
               axios 
              <span
                class="keyword"
              >
                from
              </span>
               "axios";
            </div>
            <br />
            <div>
              <span
                class="keyword"
              >
                export default function
              </span>
               jsonP_instance() {
            </div>
            <div
              class="tab1"
            >
              <div>
                <span
                  class="keyword"
                >
                  const
                </span>
                 baseUrl = 
                <span
                  class="value"
                >
                  "https://jsonplaceholder.typicode.com/users" 
                </span>
              </div>
              <div>
                <span
                  class="keyword"
                >
                  const
                </span>
                 instance = axios
                <span
                  class="method"
                >
                  .create
                </span>
                ({
              </div>
            </div>
            <div
              class="tab2"
            >
              <div>
                baseURL: baseUrl,
              </div>
              <div>
                timeout: 
                <span
                  class="value"
                >
                  4000
                </span>
              </div>
            </div>
            <div
              class="tab1"
            >
              <div>
                });
              </div>
              <div>
                <span
                  class="keyword"
                >
                  return
                </span>
                 instance;
              </div>
            </div>
            <div>
              };
            </div>
          </code>
        </pre>
      </div>
      <div
        class="col-12"
      >
        <p>
          Creating an instance is simple enough, you only need the url API and optionally set a timeout. Once done, we can now use it freely and however many times we want, without having to memorise the url again. The instance is a Promise object, so when we use it, we get the Resolved or Rejected response. Let's check out the example below:
        </p>
      </div>
      <div
        class="col-12"
      >
        <pre
          class="preCode mx-auto"
        >
          <code
            class="codeTag mx-auto"
            role="code"
          >
            <div>
              <span
                class="keyword"
              >
                import
              </span>
               jsonP_instance 
              <span
                class="keyword"
              >
                from
              </span>
               "./apiInstance/jsonPlaceholder.js";
            </div>
            <br />
            <div
              class="tab1"
            >
              <div
                class="comment"
              >
                // GET all users from Json Placeholder api
              </div>
              <div
                class="comment"
              >
                // Same as GET "https://jsonplaceholder.typicode.com/users"
              </div>
              <div>
                jsonP_instance()
              </div>
            </div>
            <div
              class="tab2"
            >
              <div>
                <span
                  class="method"
                >
                  .get
                </span>
                (
                <span
                  class="value"
                >
                  "/"
                </span>
                )
              </div>
              <div>
                <span
                  class="method"
                >
                  .then
                </span>
                (response =&gt; console
                <span
                  class="method"
                >
                  .log
                </span>
                (response.data)
              </div>
              <div>
                <span
                  class="method"
                >
                  .catch
                </span>
                (error =&gt; console
                <span
                  class="method"
                >
                  .error
                </span>
                (error.data);
              </div>
            </div>
            <br />
            <div
              class="tab1"
            >
              <div
                class="comment"
              >
                // GET one user from Json Placeholder api
              </div>
              <div
                class="comment"
              >
                // Same as GET "https://jsonplaceholder.typicode.com/users/1" 
              </div>
              <div>
                jsonP_instance()
              </div>
            </div>
            <div
              class="tab2"
            >
              <div>
                <span
                  class="method"
                >
                  .get
                </span>
                (
                <span
                  class="value"
                >
                  "/1"
                </span>
                )
              </div>
              <div>
                <span
                  class="method"
                >
                  .then
                </span>
                (response =&gt; console
                <span
                  class="method"
                >
                  .log
                </span>
                (response.data)
              </div>
              <div>
                <span
                  class="method"
                >
                  .catch
                </span>
                (error =&gt; console
                <span
                  class="method"
                >
                  .error
                </span>
                (error.data);
              </div>
            </div>
          </code>
        </pre>
      </div>
      <div
        class="col-12"
      >
        <p>
          As you can see, the instance is easy to use, just like a normal fetch request promise object. And it is matched with its flexibility because, as mentioned before, you can use any methods you want (eg. POST, PUT, DELETE, etc) the same way as GET, you can configure the headers, insert a body, etc...
        </p>
        <p>
          So if you have begun a project, knowing you are going to use the same url API over and over, Axios instance is definitely the way to go.
        </p>
      </div>
    </div>
  </div>
</div>
`;
