// Jest Snapshot v1, https://goo.gl/fbAQLP

exports[`<Header/> renders the Ilshaad Blog heading 1`] = `
<div>
  <nav
    class="h-100 w-100 pt-0 pb-0 navbar navbar-expand navbar-light bg-info"
  >
    <div
      class="d-flex justify-content-center container-fluid"
    >
      <h1
        class="navbar-brand"
      >
        <a
          href="/"
        >
          Ilshaad Blog
        </a>
      </h1>
    </div>
  </nav>
</div>
`;
