// Jest Snapshot v1, https://goo.gl/fbAQLP

exports[`<Header/> snapshot header 1`] = `
<div>
  <div
    class="p-0 h-100 overflow-hidden w-100 mx-auto Header_component container-fluid"
  >
    <div
      class="imageNHeadingContainer row"
    >
      <div
        class="p-0 mx-auto h-100 col-xl-8 col-lg-9 col-md-10 col-12"
      >
        <nav
          class="h-100 w-100 pt-0 pb-0 mx-auto navbar navbar-expand navbar-light"
        >
          <span
            class="h-100 w-100 navbar-brand"
          >
            <a
              class="w-100 h-100"
              href="/"
            >
              <div
                class="d-flex w-100"
              >
                <img
                  alt="rechadsalma log"
                  class="rsLogo"
                  data-nimg="1"
                  decoding="async"
                  height="100"
                  loading="lazy"
                  src="/_next/image?url=%2Fimg.jpg&w=256&q=75"
                  srcset="/_next/image?url=%2Fimg.jpg&w=128&q=75 1x, /_next/image?url=%2Fimg.jpg&w=256&q=75 2x"
                  style="color: transparent;"
                  width="100"
                />
                <h1
                  class="brandHeading text-primary"
                >
                  Ilshaad Blog
                </h1>
              </div>
            </a>
          </span>
        </nav>
      </div>
    </div>
    <div
      class="mx-auto quoteAuthorContainer row"
    >
      <div
        class="quoteContainer col-sm-12 col-12"
      >
        <div
          class="quoteDiv align-middle"
        >
          "
          <p
            class="placeholder-glow"
          >
            <span
              class="col-12 placeholder"
            />
          </p>
          "
        </div>
      </div>
      <div
        class="authorContainer col-sm-12 col-12"
      >
        <p
          class="placeholder-glow"
        >
          <span
            class="col-12 placeholder"
          />
        </p>
      </div>
    </div>
  </div>
</div>
`;
